../Core/Src/main.c:105:5:main	8	static
../Core/Src/main.c:182:6:SystemClock_Config	88	static
../Core/Src/main.c:229:13:MX_ADC1_Init	24	static
../Core/Src/main.c:276:13:MX_TIM1_Init	32	static
../Core/Src/main.c:322:13:MX_TIM2_Init	64	static
../Core/Src/main.c:381:13:MX_TIM3_Init	32	static
../Core/Src/main.c:426:13:MX_TIM4_Init	64	static
../Core/Src/main.c:485:13:MX_USART2_UART_Init	8	static
../Core/Src/main.c:516:13:MX_DMA_Init	16	static
../Core/Src/main.c:534:13:MX_GPIO_Init	40	static
../Core/Src/main.c:596:6:DWT_Delay_Init	4	static
../Core/Src/main.c:603:6:delay_us	24	static
../Core/Src/main.c:611:7:Read_Dust	24	static
../Core/Src/main.c:691:6:Error_Handler	4	static,ignoring_inline_asm
