../Core/Src/spi_rgb.c:17:6:system_init	16	static
../Core/Src/spi_rgb.c:51:6:ws2812_animation_all_off_then_middle_out	32	static
../Core/Src/spi_rgb.c:72:6:Reset_All	8	static
../Core/Src/spi_rgb.c:94:6:Check_Button_Hold_Status	8	static
../Core/Src/spi_rgb.c:115:6:keypad_process	8	static
../Core/Src/spi_rgb.c:205:6:Gesture_process	8	static
../Core/Src/spi_rgb.c:301:6:LED_process	24	static
../Core/Src/spi_rgb.c:400:6:WS2812_Init	8	static
../Core/Src/spi_rgb.c:407:6:HAL_TIM_PWM_PulseFinishedCallback	16	static
../Core/Src/spi_rgb.c:416:6:WS2812_Send	32	static
../Core/Src/spi_rgb.c:436:6:Set_LED	16	static
../Core/Src/spi_rgb.c:447:6:Set_LED_All	24	static
../Core/Src/spi_rgb.c:457:6:LED_Fade_All_Comet	48	static
../Core/Src/spi_rgb.c:495:6:LED_Fade_All_InOut	40	static
../Core/Src/spi_rgb.c:517:6:Clear_All	16	static
../Core/Src/spi_rgb.c:525:6:WS2812_Test_Pattern	24	static
../Core/Src/spi_rgb.c:554:6:Main_led_on	16	static
../Core/Src/spi_rgb.c:564:6:Main_led_off	16	static
